2026-09-02 14:17:09 - INFO - [logging.py:15] - invoking license validation...
2026-09-02 14:17:09 - INFO - [logging.py:15] - invoking license validation...
2026-09-02 14:17:09 - INFO - [logging.py:15] - License type: LicenseType.Trial
2026-09-02 14:17:09 - INFO - [logging.py:15] - Parsing ...
2026-09-02 14:17:09 - INFO - [logging.py:15] - Parsing package: previous_implementation
2026-09-02 14:17:09 - INFO - [logging.py:15] - Second pass of parsing for package: previous_implementation
2026-09-02 14:17:09 - INFO - [logging.py:15] - Calculating metrics ...
2026-09-02 14:17:09 - INFO - [logging.py:15] - Detecting code smells ...
2026-09-02 14:17:09 - INFO - [logging.py:15] - Detecting design smells ...
2026-09-02 14:17:09 - INFO - [logging.py:15] - Detecting architecture smells ...
2026-09-02 14:17:09 - INFO - [logging.py:15] - Detecting machine learning smells ...
2026-09-02 14:17:09 - INFO - [logging.py:15] - Collect dependencies ...
2026-09-02 14:17:09 - INFO - [logging.py:15] - Analysis complete.
2026-09-02 14:17:09 - INFO - [logging.py:15] - Preparing analysis summary ...
2026-09-02 14:17:09 - INFO - [logging.py:15] - JSON data successfully exported to /home/bernardmoy/modular-SWE/metrics_old_1788355020_3062947/dpy_metrics/previous_implementation_function_metrics.json
2026-09-02 14:17:09 - INFO - [logging.py:15] - Successfully exported JSON data to previous_implementation_function_metrics.json
2026-09-02 14:17:09 - INFO - [logging.py:15] - JSON data successfully exported to /home/bernardmoy/modular-SWE/metrics_old_1788355020_3062947/dpy_metrics/previous_implementation_class_module_metrics.json
2026-09-02 14:17:09 - INFO - [logging.py:15] - Successfully exported JSON data to previous_implementation_class_module_metrics.json
2026-09-02 14:17:09 - INFO - [logging.py:15] - JSON data successfully exported to /home/bernardmoy/modular-SWE/metrics_old_1788355020_3062947/dpy_metrics/previous_implementation_implementation_smells.json
2026-09-02 14:17:09 - INFO - [logging.py:15] - Successfully exported JSON data to previous_implementation_implementation_smells.json
2026-09-02 14:17:09 - INFO - [logging.py:15] - JSON data successfully exported to /home/bernardmoy/modular-SWE/metrics_old_1788355020_3062947/dpy_metrics/previous_implementation_design_smells.json
2026-09-02 14:17:09 - INFO - [logging.py:15] - Successfully exported JSON data to previous_implementation_design_smells.json
2026-09-02 14:17:09 - INFO - [logging.py:15] - JSON data successfully exported to /home/bernardmoy/modular-SWE/metrics_old_1788355020_3062947/dpy_metrics/previous_implementation_arch_smells.json
2026-09-02 14:17:09 - INFO - [logging.py:15] - Successfully exported JSON data to previous_implementation_arch_smells.json
2026-09-02 14:17:09 - INFO - [logging.py:15] - No ML smells found.
2026-09-02 14:17:09 - INFO - [logging.py:15] - Done.
