2026-08-21 01:06:39 - INFO - [logging.py:15] - invoking license validation...
2026-08-21 01:06:39 - INFO - [logging.py:15] - invoking license validation...
2026-08-21 01:06:39 - INFO - [logging.py:15] - License type: LicenseType.Trial
2026-08-21 01:06:39 - INFO - [logging.py:15] - Parsing ...
2026-08-21 01:06:39 - INFO - [logging.py:15] - Parsing package: tqdm
2026-08-21 01:06:39 - INFO - [logging.py:15] - Parsing package: tqdm.contrib
2026-08-21 01:06:39 - INFO - [logging.py:15] - Second pass of parsing for package: tqdm
2026-08-21 01:06:39 - INFO - [logging.py:15] - Second pass of parsing for package: tqdm.contrib
2026-08-21 01:06:39 - INFO - [logging.py:15] - Calculating metrics ...
2026-08-21 01:06:39 - INFO - [logging.py:15] - Detecting code smells ...
2026-08-21 01:06:39 - INFO - [logging.py:15] - Detecting design smells ...
2026-08-21 01:06:39 - INFO - [logging.py:15] - Detecting architecture smells ...
2026-08-21 01:06:39 - INFO - [logging.py:15] - Detecting machine learning smells ...
2026-08-21 01:06:39 - INFO - [logging.py:15] - Collect dependencies ...
2026-08-21 01:06:39 - INFO - [logging.py:15] - Analysis complete.
2026-08-21 01:06:39 - INFO - [logging.py:15] - Preparing analysis summary ...
2026-08-21 01:06:40 - INFO - [logging.py:15] - JSON data successfully exported to /home/bernardmoy/modular-SWE/metrics/dpy_metrics/tqdm_function_metrics.json
2026-08-21 01:06:40 - INFO - [logging.py:15] - Successfully exported JSON data to tqdm_function_metrics.json
2026-08-21 01:06:40 - INFO - [logging.py:15] - JSON data successfully exported to /home/bernardmoy/modular-SWE/metrics/dpy_metrics/tqdm_class_module_metrics.json
2026-08-21 01:06:40 - INFO - [logging.py:15] - Successfully exported JSON data to tqdm_class_module_metrics.json
2026-08-21 01:06:40 - INFO - [logging.py:15] - JSON data successfully exported to /home/bernardmoy/modular-SWE/metrics/dpy_metrics/tqdm_implementation_smells.json
2026-08-21 01:06:40 - INFO - [logging.py:15] - Successfully exported JSON data to tqdm_implementation_smells.json
2026-08-21 01:06:40 - INFO - [logging.py:15] - JSON data successfully exported to /home/bernardmoy/modular-SWE/metrics/dpy_metrics/tqdm_design_smells.json
2026-08-21 01:06:40 - INFO - [logging.py:15] - Successfully exported JSON data to tqdm_design_smells.json
2026-08-21 01:06:40 - INFO - [logging.py:15] - JSON data successfully exported to /home/bernardmoy/modular-SWE/metrics/dpy_metrics/tqdm_arch_smells.json
2026-08-21 01:06:40 - INFO - [logging.py:15] - Successfully exported JSON data to tqdm_arch_smells.json
2026-08-21 01:06:40 - INFO - [logging.py:15] - No ML smells found.
2026-08-21 01:06:40 - INFO - [logging.py:15] - Done.
