2026-09-02 14:17:01 - INFO - [logging.py:15] - invoking license validation...
2026-09-02 14:17:01 - INFO - [logging.py:15] - invoking license validation...
2026-09-02 14:17:01 - INFO - [logging.py:15] - License type: LicenseType.Trial
2026-09-02 14:17:01 - INFO - [logging.py:15] - Parsing ...
2026-09-02 14:17:01 - INFO - [logging.py:15] - Parsing package: implementation
2026-09-02 14:17:01 - INFO - [logging.py:15] - Second pass of parsing for package: implementation
2026-09-02 14:17:01 - INFO - [logging.py:15] - Calculating metrics ...
2026-09-02 14:17:01 - INFO - [logging.py:15] - Detecting code smells ...
2026-09-02 14:17:02 - INFO - [logging.py:15] - Detecting design smells ...
2026-09-02 14:17:02 - INFO - [logging.py:15] - Detecting architecture smells ...
2026-09-02 14:17:02 - INFO - [logging.py:15] - Detecting machine learning smells ...
2026-09-02 14:17:02 - INFO - [logging.py:15] - Collect dependencies ...
2026-09-02 14:17:02 - INFO - [logging.py:15] - Analysis complete.
2026-09-02 14:17:02 - INFO - [logging.py:15] - Preparing analysis summary ...
2026-09-02 14:17:02 - INFO - [logging.py:15] - JSON data successfully exported to /home/bernardmoy/modular-SWE/metrics_new_1788355020_306279/dpy_metrics/implementation_function_metrics.json
2026-09-02 14:17:02 - INFO - [logging.py:15] - Successfully exported JSON data to implementation_function_metrics.json
2026-09-02 14:17:02 - INFO - [logging.py:15] - JSON data successfully exported to /home/bernardmoy/modular-SWE/metrics_new_1788355020_306279/dpy_metrics/implementation_class_module_metrics.json
2026-09-02 14:17:02 - INFO - [logging.py:15] - Successfully exported JSON data to implementation_class_module_metrics.json
2026-09-02 14:17:02 - INFO - [logging.py:15] - JSON data successfully exported to /home/bernardmoy/modular-SWE/metrics_new_1788355020_306279/dpy_metrics/implementation_implementation_smells.json
2026-09-02 14:17:02 - INFO - [logging.py:15] - Successfully exported JSON data to implementation_implementation_smells.json
2026-09-02 14:17:02 - INFO - [logging.py:15] - JSON data successfully exported to /home/bernardmoy/modular-SWE/metrics_new_1788355020_306279/dpy_metrics/implementation_design_smells.json
2026-09-02 14:17:02 - INFO - [logging.py:15] - Successfully exported JSON data to implementation_design_smells.json
2026-09-02 14:17:02 - INFO - [logging.py:15] - JSON data successfully exported to /home/bernardmoy/modular-SWE/metrics_new_1788355020_306279/dpy_metrics/implementation_arch_smells.json
2026-09-02 14:17:02 - INFO - [logging.py:15] - Successfully exported JSON data to implementation_arch_smells.json
2026-09-02 14:17:02 - INFO - [logging.py:15] - No ML smells found.
2026-09-02 14:17:02 - INFO - [logging.py:15] - Done.
